// Jest Snapshot v1, https://goo.gl/fbAQLP

exports[`Renders BlodNav Component Correctly 1`] = `
<div
  className="container"
>
  <div
    className="rightSidebar"
  >
    <div
      className="searchBar"
    >
      <WithStyles(ForwardRef(TextField))
        label="Search Blogs"
        onChange={[Function]}
        style={
          Object {
            "margin": "auto",
          }
        }
        value=""
      />
    </div>
    <div
      className="weatherWidget"
    >
      <weatherWidget
        className="weatherWidget"
        weatherData={null}
      />
    </div>
  </div>
  <div
    className="mainContainer"
  >
    <h1>
      Blog Posts
    </h1>
    <blogCard
      description="This is just a placeholder"
      key="Blog posts will live here"
      route="pending"
      title="Blog posts will live here"
    />
  </div>
</div>
`;
