// Jest Snapshot v1, https://goo.gl/fbAQLP

exports[`Renders Footer Component Correctly 1`] = `
<div
  className="footerWrapper"
>
  <div
    className="tooltip"
  >
    <span
      className="tooltiptext"
    >
      Email Aidan
    </span>
    <a
      href="mailto:dev@aidanlowson.com"
    >
      <ForwardRef(MotionComponent)
        whileHover={
          Object {
            "scale": 1.2,
          }
        }
        whileTap={
          Object {
            "scale": 0.8,
          }
        }
      >
        <Memo(ForwardRef(EmailIcon))
          fontSize="large"
        />
      </ForwardRef(MotionComponent)>
    </a>
  </div>
  <div
    className="tooltip"
  >
    <span
      className="tooltiptext"
    >
      Aidans Github profile
    </span>
    <a
      href="https://github.com/AidanLDev"
      rel="noopener noreferrer"
      target="_blank"
    >
      <ForwardRef(MotionComponent)
        alt="Github Logo"
        className="socialMedia"
        height="50"
        src="Githublogo.png"
        whileHover={
          Object {
            "scale": 1.2,
          }
        }
        whileTap={
          Object {
            "scale": 0.8,
          }
        }
        width="50"
      />
    </a>
  </div>
  <div
    className="tooltip"
  >
    <span
      className="tooltiptext"
    >
      Linkedin Profile
    </span>
    <a
      href="https://www.linkedin.com/in/aidanlowson1/"
      rel="noopener noreferrer"
      target="_blank"
    >
      <ForwardRef(MotionComponent)
        alt="LinkedIn Logo"
        className="socialMedia"
        height="50"
        src="LinkedinLogo.png"
        whileHover={
          Object {
            "scale": 1.2,
          }
        }
        whileTap={
          Object {
            "scale": 0.8,
          }
        }
        width="50"
      />
    </a>
  </div>
  <div
    className="backToTopWrapper"
    onClick={[Function]}
  >
    <Icon
      className="mobileOnly"
      color="white"
      horizontal={false}
      path="M7.41,15.41L12,10.83L16.59,15.41L18,14L12,8L6,14L7.41,15.41Z"
      rotate={0}
      size={1}
      spin={false}
      vertical={false}
    />
    <span>
      Back to top
    </span>
  </div>
</div>
`;
