// Jest Snapshot v1, https://goo.gl/fbAQLP

exports[`Renders Sidedrawer Component Correctly 1`] = `
<div>
  <backdrop />
  <div
    className="sidedrawer"
  >
    <logo />
    <hr />
    <nav>
      <Navigation />
    </nav>
    <hr />
    <WithStyles(ForwardRef(Button))>
      Close Menu
    </WithStyles(ForwardRef(Button))>
  </div>
</div>
`;
