// Jest Snapshot v1, https://goo.gl/fbAQLP

exports[`Renders Skills Component Correctly 1`] = `
<div>
  <h1>
    Technology Stack
  </h1>
  <div
    className="skillsContainer"
  >
    <div>
      <img
        alt="JavaScript Logo"
        height="50"
        src="JavaScriptLogo.png"
        width="50"
      />
      <h2>
        JavaScript
      </h2>
    </div>
    <div>
      <img
        alt="TypeScript Logo"
        height="50"
        src="TypeScript.png"
        width="50"
      />
      <h2>
        TypeScript
      </h2>
    </div>
    <div>
      <img
        alt="React Logo"
        height="50"
        src="ReactLogo.png"
        width="50"
      />
      <h2>
        React
      </h2>
    </div>
    <div>
      <img
        alt="Angular Logo"
        height="50"
        src="AngularLogo.png"
        width="50"
      />
      <h2>
        Angular
      </h2>
    </div>
    <div>
      <img
        alt="SASS Logo"
        height="50"
        src="sassLogo.png"
        width="50"
      />
      <h2>
        SASS
      </h2>
    </div>
    <div>
      <img
        alt="Node Logo"
        height="50"
        src="Node.png"
        width="50"
      />
      <h2>
        Node.js
      </h2>
    </div>
    <div>
      <img
        alt="MySQL Logo"
        height="50"
        src="mySQLLogo.png"
        width="50"
      />
      <h2>
        MySQL
      </h2>
    </div>
    <div>
      <img
        alt="MongoDB Logo"
        height="50"
        src="mongoDBLogo.png"
        width="50"
      />
      <h2>
        MongoDB
      </h2>
    </div>
    <div>
      <img
        alt="AWS Logo"
        height="50"
        src="AWSLogo.png"
        width="50"
      />
      <h2>
        AWS
      </h2>
    </div>
    <div>
      <img
        alt="Git Logo"
        height="50"
        src="GitLogo.png"
        width="50"
      />
      <h2>
        GIT
      </h2>
    </div>
    <div>
      <img
        alt="Webpack Logo"
        height="50"
        src="webpackLogo.png"
        width="50"
      />
      <h2>
        Webpack
      </h2>
    </div>
    <div>
      <img
        alt="Docker Logo"
        height="50"
        src="DockerLogo.png"
        width="50"
      />
      <h2>
        Docker
      </h2>
    </div>
  </div>
</div>
`;
