// Jest Snapshot v1, https://goo.gl/fbAQLP

exports[`Renders Blog Component Correctly 1`] = `
<div
  className="blogContainer"
>
  <div
    className="buttonWrapper"
    onClick={[Function]}
  >
    <WithStyles(ForwardRef(Button))
      startIcon={<Memo />}
    >
      Go Back
    </WithStyles(ForwardRef(Button))>
  </div>
  <Redirect
    to="/blog/search"
  />
</div>
`;
